// Vitest Snapshot v1, https://vitest.dev/guide/snapshot.html

exports[`MoleculesHeaderLogo > snapshot 1`] = `"<a data-v-fc06ae81="" class="ha-link molecules-header-logo" to="/test" external="false"><img data-v-bb4d6b88="" data-v-fc06ae81="" class="atoms-base-image image" alt="Logo" src="/images/logo.png" loading="lazy"></a>"`;
